Archive member included to satisfy reference by file (symbol)

../dac_bsp/\libhal_bsp.a(alt_load.o)
                              ../dac_bsp//obj/HAL/src/crt0.o (alt_load)
../dac_bsp/\libhal_bsp.a(alt_main.o)
                              ../dac_bsp//obj/HAL/src/crt0.o (alt_main)
../dac_bsp/\libhal_bsp.a(alt_sys_init.o)
                              ../dac_bsp/\libhal_bsp.a(alt_main.o) (alt_irq_init)
../dac_bsp/\libhal_bsp.a(alt_dcache_flush_all.o)
                              ../dac_bsp/\libhal_bsp.a(alt_load.o) (alt_dcache_flush_all)
../dac_bsp/\libhal_bsp.a(alt_icache_flush_all.o)
                              ../dac_bsp/\libhal_bsp.a(alt_load.o) (alt_icache_flush_all)
../dac_bsp/\libhal_bsp.a(altera_nios2_gen2_irq.o)
                              ../dac_bsp/\libhal_bsp.a(alt_sys_init.o) (altera_nios2_gen2_irq_init)

Memory Configuration

Name             Origin             Length             Attributes
reset            0x0000000000008000 0x0000000000000020
onchip_memory2_0 0x0000000000008020 0x0000000000007fe0
*default*        0x0000000000000000 0xffffffffffffffff

Linker script and memory map

LOAD ../dac_bsp//obj/HAL/src/crt0.o
LOAD obj/default/main.o
LOAD c:/intelfpga_lite/16.1/nios2eds/bin/gnu/h-x86_64-mingw32/bin/../lib/gcc/nios2-elf/5.3.0/../../../../../H-x86_64-mingw32/nios2-elf/lib/mno-hw-mul\libstdc++.a
LOAD c:/intelfpga_lite/16.1/nios2eds/bin/gnu/h-x86_64-mingw32/bin/../lib/gcc/nios2-elf/5.3.0/../../../../../H-x86_64-mingw32/nios2-elf/lib/mno-hw-mul\libm.a
LOAD c:/intelfpga_lite/16.1/nios2eds/bin/gnu/h-x86_64-mingw32/bin/../lib/gcc/nios2-elf/5.3.0/mno-hw-mul\libgcc.a
START GROUP
LOAD c:/intelfpga_lite/16.1/nios2eds/bin/gnu/h-x86_64-mingw32/bin/../lib/gcc/nios2-elf/5.3.0/../../../../../H-x86_64-mingw32/nios2-elf/lib/mno-hw-mul\libsmallc.a
LOAD c:/intelfpga_lite/16.1/nios2eds/bin/gnu/h-x86_64-mingw32/bin/../lib/gcc/nios2-elf/5.3.0/mno-hw-mul\libgcc.a
LOAD ../dac_bsp/\libhal_bsp.a
LOAD c:/intelfpga_lite/16.1/nios2eds/bin/gnu/h-x86_64-mingw32/bin/../lib/gcc/nios2-elf/5.3.0/../../../../../H-x86_64-mingw32/nios2-elf/lib/mno-hw-mul\libm.a
END GROUP
LOAD c:/intelfpga_lite/16.1/nios2eds/bin/gnu/h-x86_64-mingw32/bin/../lib/gcc/nios2-elf/5.3.0/mno-hw-mul\libgcc.a
                0x0000000000008000                __alt_mem_onchip_memory2_0 = 0x8000

.entry          0x0000000000008000       0x20
 *(.entry)
 .entry         0x0000000000008000       0x20 ../dac_bsp//obj/HAL/src/crt0.o
                0x0000000000008000                __reset
                0x000000000000800c                _exit

.exceptions     0x0000000000008020        0x0
                0x0000000000008020                PROVIDE (__ram_exceptions_start, ABSOLUTE (.))
                0x0000000000008020                . = ALIGN (0x20)
 *(.irq)
 *(.exceptions.entry.label)
 *(.exceptions.entry.user)
 *(.exceptions.entry.ecc_fatal)
 *(.exceptions.entry)
 *(.exceptions.irqtest.user)
 *(.exceptions.irqtest)
 *(.exceptions.irqhandler.user)
 *(.exceptions.irqhandler)
 *(.exceptions.irqreturn.user)
 *(.exceptions.irqreturn)
 *(.exceptions.notirq.label)
 *(.exceptions.notirq.user)
 *(.exceptions.notirq)
 *(.exceptions.soft.user)
 *(.exceptions.soft)
 *(.exceptions.unknown.user)
 *(.exceptions.unknown)
 *(.exceptions.exit.label)
 *(.exceptions.exit.user)
 *(.exceptions.exit)
 *(.exceptions)
                0x0000000000008020                PROVIDE (__ram_exceptions_end, ABSOLUTE (.))
                0x0000000000008020                PROVIDE (__flash_exceptions_start, LOADADDR (.exceptions))

.text           0x0000000000008020      0x244
                [!provide]                        PROVIDE (stext, ABSOLUTE (.))
 *(.interp)
 *(.hash)
 *(.dynsym)
 *(.dynstr)
 *(.gnu.version)
 *(.gnu.version_d)
 *(.gnu.version_r)
 *(.rel.init)
 *(.rela.init)
 *(.rel.text .rel.text.* .rel.gnu.linkonce.t.*)
 *(.rela.text .rela.text.* .rela.gnu.linkonce.t.*)
 *(.rel.fini)
 *(.rela.fini)
 *(.rel.rodata .rel.rodata.* .rel.gnu.linkonce.r.*)
 *(.rela.rodata .rela.rodata.* .rela.gnu.linkonce.r.*)
 *(.rel.data .rel.data.* .rel.gnu.linkonce.d.*)
 *(.rela.data .rela.data.* .rela.gnu.linkonce.d.*)
 *(.rel.tdata .rel.tdata.* .rel.gnu.linkonce.td.*)
 *(.rela.tdata .rela.tdata.* .rela.gnu.linkonce.td.*)
 *(.rel.tbss .rel.tbss.* .rel.gnu.linkonce.tb.*)
 *(.rela.tbss .rela.tbss.* .rela.gnu.linkonce.tb.*)
 *(.rel.ctors)
 *(.rela.ctors)
 *(.rel.dtors)
 *(.rela.dtors)
 *(.rel.got)
 *(.rela.got)
 *(.rel.sdata .rel.sdata.* .rel.gnu.linkonce.s.*)
 *(.rela.sdata .rela.sdata.* .rela.gnu.linkonce.s.*)
 *(.rel.sbss .rel.sbss.* .rel.gnu.linkonce.sb.*)
 *(.rela.sbss .rela.sbss.* .rela.gnu.linkonce.sb.*)
 *(.rel.sdata2 .rel.sdata2.* .rel.gnu.linkonce.s2.*)
 *(.rela.sdata2 .rela.sdata2.* .rela.gnu.linkonce.s2.*)
 *(.rel.sbss2 .rel.sbss2.* .rel.gnu.linkonce.sb2.*)
 *(.rela.sbss2 .rela.sbss2.* .rela.gnu.linkonce.sb2.*)
 *(.rel.bss .rel.bss.* .rel.gnu.linkonce.b.*)
 *(.rela.bss .rela.bss.* .rela.gnu.linkonce.b.*)
 *(.rel.plt)
 *(.rela.plt)
 *(.rel.dyn)
 *(.init)
 *(.plt)
 *(.text .stub .text.* .gnu.linkonce.t.*)
 .text          0x0000000000008020       0x3c ../dac_bsp//obj/HAL/src/crt0.o
                0x0000000000008020                _start
 .text          0x000000000000805c       0xc8 obj/default/main.o
                0x000000000000805c                main
 .text          0x0000000000008124       0xe0 ../dac_bsp/\libhal_bsp.a(alt_load.o)
                0x0000000000008124                alt_load
 .text          0x0000000000008204       0x2c ../dac_bsp/\libhal_bsp.a(alt_main.o)
                0x0000000000008204                alt_main
 .text          0x0000000000008230       0x24 ../dac_bsp/\libhal_bsp.a(alt_sys_init.o)
                0x0000000000008230                alt_irq_init
                0x0000000000008250                alt_sys_init
 .text          0x0000000000008254        0x4 ../dac_bsp/\libhal_bsp.a(alt_dcache_flush_all.o)
                0x0000000000008254                alt_dcache_flush_all
 .text          0x0000000000008258        0x4 ../dac_bsp/\libhal_bsp.a(alt_icache_flush_all.o)
                0x0000000000008258                alt_icache_flush_all
 .text          0x000000000000825c        0x8 ../dac_bsp/\libhal_bsp.a(altera_nios2_gen2_irq.o)
                0x000000000000825c                altera_nios2_gen2_irq_init
 *(.gnu.warning.*)
 *(.fini)
                [!provide]                        PROVIDE (__etext, ABSOLUTE (.))
                [!provide]                        PROVIDE (_etext, ABSOLUTE (.))
                [!provide]                        PROVIDE (etext, ABSOLUTE (.))
 *(.eh_frame_hdr)
                0x0000000000008264                . = ALIGN (0x4)
                [!provide]                        PROVIDE (__preinit_array_start, ABSOLUTE (.))
 *(.preinit_array)
                [!provide]                        PROVIDE (__preinit_array_end, ABSOLUTE (.))
                [!provide]                        PROVIDE (__init_array_start, ABSOLUTE (.))
 *(.init_array)
                [!provide]                        PROVIDE (__init_array_end, ABSOLUTE (.))
                [!provide]                        PROVIDE (__fini_array_start, ABSOLUTE (.))
 *(.fini_array)
                [!provide]                        PROVIDE (__fini_array_end, ABSOLUTE (.))
 *(.eh_frame)
 *(.gcc_except_table .gcc_except_table.*)
 *(.dynamic)
                [!provide]                        PROVIDE (__CTOR_LIST__, ABSOLUTE (.))
 *(.ctors)
 *(SORT(.ctors.*))
                [!provide]                        PROVIDE (__CTOR_END__, ABSOLUTE (.))
                [!provide]                        PROVIDE (__DTOR_LIST__, ABSOLUTE (.))
 *(.dtors)
 *(SORT(.dtors.*))
                [!provide]                        PROVIDE (__DTOR_END__, ABSOLUTE (.))
 *(.jcr)
                0x0000000000008264                . = ALIGN (0x4)

.rodata         0x0000000000008264        0x0
                0x0000000000008264                PROVIDE (__ram_rodata_start, ABSOLUTE (.))
                0x0000000000008264                . = ALIGN (0x4)
 *(.rodata .rodata.* .gnu.linkonce.r.*)
 *(.rodata1)
                0x0000000000008264                . = ALIGN (0x4)
                0x0000000000008264                PROVIDE (__ram_rodata_end, ABSOLUTE (.))
                0x0000000000008264                PROVIDE (__flash_rodata_start, LOADADDR (.rodata))

.rwdata         0x0000000000008264        0x4 load address 0x0000000000008268
                0x0000000000008264                PROVIDE (__ram_rwdata_start, ABSOLUTE (.))
                0x0000000000008264                . = ALIGN (0x4)
 *(.got.plt)
 *(.got)
 *(.data1)
 *(.data .data.* .gnu.linkonce.d.*)
 .data          0x0000000000008264        0x0 ../dac_bsp//obj/HAL/src/crt0.o
 .data          0x0000000000008264        0x0 obj/default/main.o
 .data          0x0000000000008264        0x0 ../dac_bsp/\libhal_bsp.a(alt_load.o)
 .data          0x0000000000008264        0x0 ../dac_bsp/\libhal_bsp.a(alt_main.o)
 .data          0x0000000000008264        0x0 ../dac_bsp/\libhal_bsp.a(alt_sys_init.o)
 .data          0x0000000000008264        0x0 ../dac_bsp/\libhal_bsp.a(alt_dcache_flush_all.o)
 .data          0x0000000000008264        0x0 ../dac_bsp/\libhal_bsp.a(alt_icache_flush_all.o)
 .data          0x0000000000008264        0x0 ../dac_bsp/\libhal_bsp.a(altera_nios2_gen2_irq.o)
                0x0000000000010264                _gp = ABSOLUTE ((. + 0x8000))
                [!provide]                        PROVIDE (gp, _gp)
 *(.rwdata .rwdata.*)
 *(.sdata .sdata.* .gnu.linkonce.s.*)
 .sdata         0x0000000000008264        0x4 ../dac_bsp/\libhal_bsp.a(alt_sys_init.o)
                0x0000000000008264                jtag_uart_0
 *(.sdata2 .sdata2.* .gnu.linkonce.s2.*)
                0x0000000000008268                . = ALIGN (0x4)
                0x0000000000008268                _edata = ABSOLUTE (.)
                [!provide]                        PROVIDE (edata, ABSOLUTE (.))
                0x0000000000008268                PROVIDE (__ram_rwdata_end, ABSOLUTE (.))
                0x0000000000008268                PROVIDE (__flash_rwdata_start, LOADADDR (.rwdata))

.bss            0x000000000000826c        0xc
                0x000000000000826c                __bss_start = ABSOLUTE (.)
                [!provide]                        PROVIDE (__sbss_start, ABSOLUTE (.))
                [!provide]                        PROVIDE (___sbss_start, ABSOLUTE (.))
 *(.dynsbss)
 *(.sbss .sbss.* .gnu.linkonce.sb.*)
 .sbss          0x000000000000826c        0xc ../dac_bsp/\libhal_bsp.a(alt_main.o)
                0x000000000000826c                alt_envp
                0x0000000000008270                alt_argv
                0x0000000000008274                alt_argc
 *(.sbss2 .sbss2.* .gnu.linkonce.sb2.*)
 *(.scommon)
                [!provide]                        PROVIDE (__sbss_end, ABSOLUTE (.))
                [!provide]                        PROVIDE (___sbss_end, ABSOLUTE (.))
 *(.dynbss)
 *(.bss .bss.* .gnu.linkonce.b.*)
 .bss           0x0000000000008278        0x0 ../dac_bsp//obj/HAL/src/crt0.o
 .bss           0x0000000000008278        0x0 obj/default/main.o
 .bss           0x0000000000008278        0x0 ../dac_bsp/\libhal_bsp.a(alt_load.o)
 .bss           0x0000000000008278        0x0 ../dac_bsp/\libhal_bsp.a(alt_main.o)
 .bss           0x0000000000008278        0x0 ../dac_bsp/\libhal_bsp.a(alt_sys_init.o)
 .bss           0x0000000000008278        0x0 ../dac_bsp/\libhal_bsp.a(alt_dcache_flush_all.o)
 .bss           0x0000000000008278        0x0 ../dac_bsp/\libhal_bsp.a(alt_icache_flush_all.o)
 .bss           0x0000000000008278        0x0 ../dac_bsp/\libhal_bsp.a(altera_nios2_gen2_irq.o)
 *(COMMON)
                0x0000000000008278                . = ALIGN (0x4)
                0x0000000000008278                __bss_end = ABSOLUTE (.)

.onchip_memory2_0
                0x0000000000008278        0x0
                [!provide]                        PROVIDE (_alt_partition_onchip_memory2_0_start, ABSOLUTE (.))
 *(.onchip_memory2_0 .onchip_memory2_0. onchip_memory2_0.*)
                0x0000000000008278                . = ALIGN (0x4)
                [!provide]                        PROVIDE (_alt_partition_onchip_memory2_0_end, ABSOLUTE (.))
                0x0000000000008278                _end = ABSOLUTE (.)
                0x0000000000008278                end = ABSOLUTE (.)
                0x0000000000008278                __alt_stack_base = ABSOLUTE (.)
                [!provide]                        PROVIDE (_alt_partition_onchip_memory2_0_load_addr, LOADADDR (.onchip_memory2_0))

.stab
 *(.stab)

.stabstr
 *(.stabstr)

.stab.excl
 *(.stab.excl)

.stab.exclstr
 *(.stab.exclstr)

.stab.index
 *(.stab.index)

.stab.indexstr
 *(.stab.indexstr)

.comment        0x0000000000000000       0x23
 *(.comment)
 .comment       0x0000000000000000       0x23 obj/default/main.o
                                         0x24 (size before relaxing)
 .comment       0x0000000000000023       0x24 ../dac_bsp/\libhal_bsp.a(alt_load.o)
 .comment       0x0000000000000023       0x24 ../dac_bsp/\libhal_bsp.a(alt_main.o)
 .comment       0x0000000000000023       0x24 ../dac_bsp/\libhal_bsp.a(alt_sys_init.o)
 .comment       0x0000000000000023       0x24 ../dac_bsp/\libhal_bsp.a(alt_dcache_flush_all.o)
 .comment       0x0000000000000023       0x24 ../dac_bsp/\libhal_bsp.a(alt_icache_flush_all.o)
 .comment       0x0000000000000023       0x24 ../dac_bsp/\libhal_bsp.a(altera_nios2_gen2_irq.o)

.debug
 *(.debug)

.line
 *(.line)

.debug_srcinfo
 *(.debug_srcinfo)

.debug_sfnames
 *(.debug_sfnames)

.debug_aranges  0x0000000000000000      0x108
 *(.debug_aranges)
 .debug_aranges
                0x0000000000000000       0x28 ../dac_bsp//obj/HAL/src/crt0.o
 .debug_aranges
                0x0000000000000028       0x20 obj/default/main.o
 .debug_aranges
                0x0000000000000048       0x20 ../dac_bsp/\libhal_bsp.a(alt_load.o)
 .debug_aranges
                0x0000000000000068       0x20 ../dac_bsp/\libhal_bsp.a(alt_main.o)
 .debug_aranges
                0x0000000000000088       0x20 ../dac_bsp/\libhal_bsp.a(alt_sys_init.o)
 .debug_aranges
                0x00000000000000a8       0x20 ../dac_bsp/\libhal_bsp.a(alt_dcache_flush_all.o)
 .debug_aranges
                0x00000000000000c8       0x20 ../dac_bsp/\libhal_bsp.a(alt_icache_flush_all.o)
 .debug_aranges
                0x00000000000000e8       0x20 ../dac_bsp/\libhal_bsp.a(altera_nios2_gen2_irq.o)

.debug_pubnames
 *(.debug_pubnames)

.debug_info     0x0000000000000000      0x7e8
 *(.debug_info .gnu.linkonce.wi.*)
 .debug_info    0x0000000000000000       0x65 ../dac_bsp//obj/HAL/src/crt0.o
 .debug_info    0x0000000000000065      0x116 obj/default/main.o
 .debug_info    0x000000000000017b      0x1c9 ../dac_bsp/\libhal_bsp.a(alt_load.o)
 .debug_info    0x0000000000000344      0x169 ../dac_bsp/\libhal_bsp.a(alt_main.o)
 .debug_info    0x00000000000004ad      0x185 ../dac_bsp/\libhal_bsp.a(alt_sys_init.o)
 .debug_info    0x0000000000000632       0x92 ../dac_bsp/\libhal_bsp.a(alt_dcache_flush_all.o)
 .debug_info    0x00000000000006c4       0x92 ../dac_bsp/\libhal_bsp.a(alt_icache_flush_all.o)
 .debug_info    0x0000000000000756       0x92 ../dac_bsp/\libhal_bsp.a(altera_nios2_gen2_irq.o)

.debug_abbrev   0x0000000000000000      0x414
 *(.debug_abbrev)
 .debug_abbrev  0x0000000000000000       0x12 ../dac_bsp//obj/HAL/src/crt0.o
 .debug_abbrev  0x0000000000000012       0x6f obj/default/main.o
 .debug_abbrev  0x0000000000000081       0xd8 ../dac_bsp/\libhal_bsp.a(alt_load.o)
 .debug_abbrev  0x0000000000000159       0xee ../dac_bsp/\libhal_bsp.a(alt_main.o)
 .debug_abbrev  0x0000000000000247      0x107 ../dac_bsp/\libhal_bsp.a(alt_sys_init.o)
 .debug_abbrev  0x000000000000034e       0x42 ../dac_bsp/\libhal_bsp.a(alt_dcache_flush_all.o)
 .debug_abbrev  0x0000000000000390       0x42 ../dac_bsp/\libhal_bsp.a(alt_icache_flush_all.o)
 .debug_abbrev  0x00000000000003d2       0x42 ../dac_bsp/\libhal_bsp.a(altera_nios2_gen2_irq.o)

.debug_line     0x0000000000000000      0x43d
 *(.debug_line)
 .debug_line    0x0000000000000000       0x66 ../dac_bsp//obj/HAL/src/crt0.o
 .debug_line    0x0000000000000066       0x89 obj/default/main.o
 .debug_line    0x00000000000000ef       0xa4 ../dac_bsp/\libhal_bsp.a(alt_load.o)
 .debug_line    0x0000000000000193       0xbd ../dac_bsp/\libhal_bsp.a(alt_main.o)
 .debug_line    0x0000000000000250      0x101 ../dac_bsp/\libhal_bsp.a(alt_sys_init.o)
 .debug_line    0x0000000000000351       0x4e ../dac_bsp/\libhal_bsp.a(alt_dcache_flush_all.o)
 .debug_line    0x000000000000039f       0x4e ../dac_bsp/\libhal_bsp.a(alt_icache_flush_all.o)
 .debug_line    0x00000000000003ed       0x50 ../dac_bsp/\libhal_bsp.a(altera_nios2_gen2_irq.o)

.debug_frame    0x0000000000000000      0x124
 *(.debug_frame)
 .debug_frame   0x0000000000000000       0x2c obj/default/main.o
 .debug_frame   0x000000000000002c       0x30 ../dac_bsp/\libhal_bsp.a(alt_load.o)
 .debug_frame   0x000000000000005c       0x2c ../dac_bsp/\libhal_bsp.a(alt_main.o)
 .debug_frame   0x0000000000000088       0x3c ../dac_bsp/\libhal_bsp.a(alt_sys_init.o)
 .debug_frame   0x00000000000000c4       0x20 ../dac_bsp/\libhal_bsp.a(alt_dcache_flush_all.o)
 .debug_frame   0x00000000000000e4       0x20 ../dac_bsp/\libhal_bsp.a(alt_icache_flush_all.o)
 .debug_frame   0x0000000000000104       0x20 ../dac_bsp/\libhal_bsp.a(altera_nios2_gen2_irq.o)

.debug_str      0x0000000000000000      0x433
 *(.debug_str)
 .debug_str     0x0000000000000000       0xff obj/default/main.o
                                        0x144 (size before relaxing)
 .debug_str     0x00000000000000ff      0x195 ../dac_bsp/\libhal_bsp.a(alt_load.o)
                                        0x233 (size before relaxing)
 .debug_str     0x0000000000000294       0x8f ../dac_bsp/\libhal_bsp.a(alt_main.o)
                                        0x1ac (size before relaxing)
 .debug_str     0x0000000000000323       0xb2 ../dac_bsp/\libhal_bsp.a(alt_sys_init.o)
                                        0x21d (size before relaxing)
 .debug_str     0x00000000000003d5       0x1f ../dac_bsp/\libhal_bsp.a(alt_dcache_flush_all.o)
                                        0x14c (size before relaxing)
 .debug_str     0x00000000000003f4       0x1f ../dac_bsp/\libhal_bsp.a(alt_icache_flush_all.o)
                                        0x14c (size before relaxing)
 .debug_str     0x0000000000000413       0x20 ../dac_bsp/\libhal_bsp.a(altera_nios2_gen2_irq.o)
                                        0x153 (size before relaxing)

.debug_loc      0x0000000000000000       0x21
 *(.debug_loc)
 .debug_loc     0x0000000000000000       0x21 ../dac_bsp/\libhal_bsp.a(alt_sys_init.o)

.debug_macinfo
 *(.debug_macinfo)

.debug_weaknames
 *(.debug_weaknames)

.debug_funcnames
 *(.debug_funcnames)

.debug_typenames
 *(.debug_typenames)

.debug_varnames
 *(.debug_varnames)

.debug_alt_sim_info
                0x0000000000000000       0x10
 *(.debug_alt_sim_info)
 .debug_alt_sim_info
                0x0000000000000000       0x10 ../dac_bsp//obj/HAL/src/crt0.o
                0x0000000000010000                __alt_data_end = 0x10000
                0x0000000000010000                PROVIDE (__alt_stack_pointer, __alt_data_end)
                [!provide]                        PROVIDE (__alt_stack_limit, __alt_stack_base)
                [!provide]                        PROVIDE (__alt_heap_start, end)
                [!provide]                        PROVIDE (__alt_heap_limit, 0x10000)
OUTPUT(parin.elf elf32-littlenios2)

.debug_ranges   0x0000000000000000       0x68
 .debug_ranges  0x0000000000000000       0x20 ../dac_bsp//obj/HAL/src/crt0.o
 .debug_ranges  0x0000000000000020       0x48 ../dac_bsp/\libhal_bsp.a(alt_load.o)
